<html>
<body>
<pre>
<h1>�Vision Build Log</h1>
<h2>Tool Versions:</h2>
IDE-Version: �Vision V5.29.0.0
Copyright (C) 2019 ARM Ltd and ARM Germany GmbH. All rights reserved.
License Information: OKSANA OKSANA, smo, LIC=TA312-9EJU5-NSVYQ-NADDJ-AYNSU-16V4U
 
Tool Versions:
Toolchain:       MDK-ARM Professional  Version: 5.29.0.0
Toolchain Path:  C:\Keil_v5\ARM\ARMCC\Bin
C Compiler:      Armcc.exe V5.06 update 6 (build 750)
Assembler:       Armasm.exe V5.06 update 6 (build 750)
Linker/Locator:  ArmLink.exe V5.06 update 6 (build 750)
Library Manager: ArmAr.exe V5.06 update 6 (build 750)
Hex Converter:   FromElf.exe V5.06 update 6 (build 750)
CPU DLL:         SARMCM3.DLL V5.29.0.0
Dialog DLL:      DCM.DLL V1.17.3.0
Target DLL:      UL2CM3.DLL V1.163.0.0
Dialog DLL:      TCM.DLL V1.36.5.0
 
<h2>Project:</h2>
E:\_GALIT\!!!!_WORK_STM\__A027_V3\280822_A027_V3_STM32F103_CAN_V1\280822_A027_V3_STM32F103_CAN_V1\MDK-ARM\STM32F103_CAN_chair_A027_V3.uvprojx
Project File Date:  08/29/2022

<h2>Output:</h2>
*** Using Compiler 'V5.06 update 6 (build 750)', folder: 'C:\Keil_v5\ARM\ARMCC\Bin'
Rebuild target 'STM32F103_CAN_chair_A027_V3'
assembling startup_stm32f103xe.s...
compiling crc.c...
compiling io.c...
compiling main.c...
../Inc/crc.h(7): warning:  #1295-D: Deprecated declaration SLIP_CalculateCRC16 - give arg types
  uint16_t SLIP_CalculateCRC16 (); // розрахунок контрольної суми CRC16
../Inc/crc.h(8): warning:  #1295-D: Deprecated declaration SLIP_AddCrcToFrame - give arg types
  void SLIP_AddCrcToFrame(); // додати контрольну суму до наявних даних
../Inc/io.h(35): warning:  #1295-D: Deprecated declaration readButtonPedalONOFF - give arg types
  uint8_t readButtonPedalONOFF (); // кнопка Pedal_ON/OFF / Педаль ВКЛ./ВИКЛ.
../Inc/io.h(36): warning:  #1295-D: Deprecated declaration readButtonCHIP - give arg types
  uint8_t readButtonCHIP (); // кнопка CHIP / ПРОДУВКА
../Inc/io.h(37): warning:  #1295-D: Deprecated declaration readButtonSPRAY - give arg types
  uint8_t readButtonSPRAY (); // кнопка SPRAY / СПРЕЙ
../Src/main.c(234): warning:  #223-D: function "BSet" declared implicitly
  			BSet (); // вихід мікроконтролера в 1
../Src/main.c(238): warning:  #223-D: function "BReset" declared implicitly
  			BReset (); // вихід мікроконтролера в 0	
../Src/main.c: 7 warnings, 0 errors
compiling stm32f1xx_it.c...
compiling stm32f1xx_hal_gpio_ex.c...
compiling stm32f1xx_hal_msp.c...
compiling stm32f1xx_hal.c...
compiling stm32f1xx_hal_adc_ex.c...
compiling stm32f1xx_hal_adc.c...
compiling stm32f1xx_hal_rcc_ex.c...
compiling stm32f1xx_hal_gpio.c...
compiling stm32f1xx_hal_rcc.c...
compiling stm32f1xx_hal_cortex.c...
compiling stm32f1xx_hal_pwr.c...
compiling stm32f1xx_hal_dma.c...
compiling stm32f1xx_hal_flash_ex.c...
compiling stm32f1xx_hal_exti.c...
compiling stm32f1xx_hal_flash.c...
compiling stm32f1xx_hal_tim_ex.c...
compiling stm32f1xx_hal_tim.c...
compiling stm32f1xx_hal_can.c...
compiling system_stm32f1xx.c...
linking...
Program Size: Code=8520 RO-data=360 RW-data=572 ZI-data=2492  
FromELF: creating hex file...
"Chair_STM32F103_T2000_V1\A027_F103_V3.1" - 0 Error(s), 7 Warning(s).

<h2>Software Packages used:</h2>

Package Vendor: ARM
                http://www.keil.com/pack/ARM.CMSIS.5.6.0.pack
                ARM.CMSIS.5.6.0
                CMSIS (Cortex Microcontroller Software Interface Standard)
   * Component: CORE Version: 5.3.0

Package Vendor: Keil
                http://www.keil.com/pack/Keil.STM32F1xx_DFP.2.3.0.pack
                Keil.STM32F1xx_DFP.2.3.0
                STMicroelectronics STM32F1 Series Device Support, Drivers and Examples

<h2>Collection of Component include folders:</h2>
  .\RTE\_STM32F103_CAN_chair_A027_V3
  C:\Users\������\AppData\Local\Arm\Packs\ARM\CMSIS\5.6.0\CMSIS\Core\Include
  C:\Users\������\AppData\Local\Arm\Packs\Keil\STM32F1xx_DFP\2.3.0\Device\Include

<h2>Collection of Component Files used:</h2>

   * Component: ARM::CMSIS:CORE:5.3.0
Build Time Elapsed:  00:00:31
</pre>
</body>
</html>
