<html>
<body>
<pre>
<h1>�Vision Build Log</h1>
<h2>Tool Versions:</h2>
IDE-Version: �Vision V5.29.0.0
Copyright (C) 2019 ARM Ltd and ARM Germany GmbH. All rights reserved.
License Information: 1 111, 1, LIC=CRMZ9-4EPAL-D3RM3-A6U5N-L72GD-I0RKX
 
Tool Versions:
Toolchain:       MDK-ARM Professional  Version: 5.29.0.0
Toolchain Path:  C:\Keil_v5\ARM\ARMCC\Bin
C Compiler:      Armcc.exe V5.06 update 6 (build 750)
Assembler:       Armasm.exe V5.06 update 6 (build 750)
Linker/Locator:  ArmLink.exe V5.06 update 6 (build 750)
Library Manager: ArmAr.exe V5.06 update 6 (build 750)
Hex Converter:   FromElf.exe V5.06 update 6 (build 750)
CPU DLL:         SARMCM3.DLL V5.29.0.0
Dialog DLL:      DCM.DLL V1.17.3.0
Target DLL:      STLink\ST-LINKIII-KEIL_SWO.dll V3.0.7.0
Dialog DLL:      TCM.DLL V1.36.5.0
 
<h2>Project:</h2>
G:\Oksana_work\__WORK_STM_program\_Current_Version\A064_V1_STM32F103\261125_A064_V1_STM32F103\MDK-ARM\STM32F103_CAN_chair_A064_V1.uvprojx
Project File Date:  03/02/2026

<h2>Output:</h2>
*** Using Compiler 'V5.06 update 6 (build 750)', folder: 'C:\Keil_v5\ARM\ARMCC\Bin'
Rebuild target 'STM32F103_CAN_chair_A064_V1'
assembling startup_stm32f103xe.s...
compiling stm32f1xx_it.c...
compiling stm32f1xx_hal_msp.c...
compiling io.c...
compiling stm32f1xx_hal_gpio_ex.c...
compiling crc.c...
compiling stm32f1xx_hal_adc_ex.c...
compiling main.c...
../Inc/crc.h(7): warning:  #1295-D: Deprecated declaration SLIP_CalculateCRC16 - give arg types
  uint16_t SLIP_CalculateCRC16 (); // розрахунок контрольної суми CRC16
../Inc/crc.h(8): warning:  #1295-D: Deprecated declaration SLIP_AddCrcToFrame - give arg types
  void SLIP_AddCrcToFrame(); // додати контрольну суму до наявних даних
../Inc/io.h(43): warning:  #1295-D: Deprecated declaration readButtonPedalONOFF - give arg types
  uint8_t readButtonPedalONOFF (); // кнопка Pedal_ON/OFF / Педаль ВКЛ./ВИКЛ.
../Inc/io.h(44): warning:  #1295-D: Deprecated declaration readButtonCHIP - give arg types
  uint8_t readButtonCHIP (); // кнопка CHIP / ПРОДУВКА
../Inc/io.h(45): warning:  #1295-D: Deprecated declaration readButtonSPRAY - give arg types
  uint8_t readButtonSPRAY (); // кнопка SPRAY / СПРЕЙ
../Inc/io.h(47): warning:  #1295-D: Deprecated declaration readButtonCoag - give arg types
  uint8_t readButtonCoag (); // стан перемички для коагулятора 
../Src/main.c: 6 warnings, 0 errors
compiling stm32f1xx_hal_adc.c...
compiling stm32f1xx_hal_flash.c...
compiling stm32f1xx_hal_dma.c...
compiling stm32f1xx_hal_cortex.c...
compiling stm32f1xx_hal_rcc.c...
compiling stm32f1xx_hal_pwr.c...
compiling stm32f1xx_hal_gpio.c...
compiling stm32f1xx_hal.c...
compiling stm32f1xx_hal_rcc_ex.c...
compiling stm32f1xx_hal_exti.c...
compiling system_stm32f1xx.c...
compiling stm32f1xx_hal_flash_ex.c...
compiling stm32f1xx_hal_can.c...
linking...
Program Size: Code=8808 RO-data=396 RW-data=572 ZI-data=3356  
FromELF: creating hex file...
"STM32F103_CAN_chair_A064_V1\STM32F103_CAN_chair_A064_V1.axf" - 0 Error(s), 6 Warning(s).

<h2>Software Packages used:</h2>

Package Vendor: ARM
                https://www.keil.com/pack/ARM.CMSIS.6.0.0.pack
                ARM.CMSIS.6.0.0
                CMSIS (Common Microcontroller Software Interface Standard)
   * Component: CORE Version: 6.0.0

Package Vendor: Keil
                https://www.keil.com/pack/Keil.STM32F1xx_DFP.2.4.1.pack
                Keil.STM32F1xx_DFP.2.4.1
                STMicroelectronics STM32F1 Series Device Support, Drivers and Examples

<h2>Collection of Component include folders:</h2>
  .\RTE\_STM32F103_CAN_chair_A064_V1
  C:\Users\oksoliinyk\AppData\Local\Arm\Packs\ARM\CMSIS\6.0.0\CMSIS\Core\Include
  C:\Users\oksoliinyk\AppData\Local\Arm\Packs\Keil\STM32F1xx_DFP\2.4.1\Device\Include

<h2>Collection of Component Files used:</h2>

   * Component: ARM::CMSIS:CORE:6.0.0
      Include file:  CMSIS\Core\Include\tz_context.h
Build Time Elapsed:  00:00:05
</pre>
</body>
</html>
